Usage: jenkins [OPTIONS] [COMMAND]

Commands:
  run     
  tail    
  params  
  help    Print this message or the help of the given subcommand(s)

Options:
  -p, --profile <PROFILE>          [env: JENKINS_CLI_PROFILE=] [default: default]
      --show-config-path           
      --show-config                
  -c, --config-path <CONFIG_PATH>  
  -h, --help                       Print help
